// Jest Snapshot v1, https://goo.gl/fbAQLP

exports[`List Renders List correctly 1`] = `
<ul
  className="list-container"
>
  <li
    className="list-item"
  >
    <div
      className="titles-container"
    >
      <div
        className="avatar-title-container"
      >
        <div
          className="avatar"
        >
          <img
            className="avatar-image"
            src="https://avatars.githubusercontent.com/u/63889819?v=4"
            style={
              Object {
                "height": 30,
                "width": 30,
              }
            }
          />
        </div>
        <div
          className="title"
        >
          nhcarrigan
        </div>
      </div>
      <div
        className="subtitle"
      >
        committed 12 hours ago
      </div>
    </div>
    <div
      className="content-container"
    >
      test
    </div>
  </li>
  <li
    className="list-item"
  >
    <div
      className="titles-container"
    >
      <div
        className="avatar-title-container"
      >
        <div
          className="avatar"
        >
          <img
            className="avatar-image"
            src="https://avatars.githubusercontent.com/u/63889819?v=5"
            style={
              Object {
                "height": 30,
                "width": 30,
              }
            }
          />
        </div>
        <div
          className="title"
        >
          wla3ww
        </div>
      </div>
      <div
        className="subtitle"
      >
        committed 12 hours ago
      </div>
    </div>
    <div
      className="content-container"
    >
      test
    </div>
  </li>
</ul>
`;
