// Jest Snapshot v1, https://goo.gl/fbAQLP

exports[`<Loader/> Renders <Loader/> correctly 1`] = `
<div
  className="loader-container"
>
  <div
    className="loader"
  />
  <span
    className="loading-text"
  >
    Loading...
  </span>
</div>
`;
